tft.c:46:6:displayDynamicLine	24	static
tft.c:59:6:updateDynamicLine_Text	56	static
tft.c:72:6:updateDynamicLine_Foreground	56	static
tft.c:84:6:updateDynamicLine_Background	56	static
tft.c:94:6:displayTitle	24	static
tft.c:104:6:displayInformationsSensors	280	static
tft.c:124:6:TFT_InformationsSensors_Update	240	static
tft.c:151:6:updateSelectedMenu	88	static
tft.c:166:6:TFT_Init	8	static
tft.c:176:6:TFT_Acceuil	280	static
tft.c:203:6:TFT_Acceuil_Update	88	static
tft.c:231:6:TFT_Mode_Manuel	224	static
tft.c:250:6:TFT_Mode_Manual_Update	24	static
tft.c:260:6:TFT_Mode_Parametre	224	static
tft.c:279:6:TFT_Mode_Parametre_Update	24	static
tft.c:289:6:TFT_Parametre_Cuve	112	static
tft.c:307:6:TFT_Parametre_Cuve_Update	112	static
tft.c:317:6:TFT_Parametre_Alertes	112	static
tft.c:336:6:TFT_Parametre_Alertes_Update	80	static
tft.c:354:6:TFT_Annonce	32	static
